// Jest Snapshot v1, https://goo.gl/fbAQLP

exports[`Test Page renders page without changes 1`] = `
<div>
  <div
    class="overflow-x-hidden bg-white"
  >
    <nav
      class="dark border-b border-gray-200 absolute top-0 left-0 z-10 h-20 w-full px-4 text-white md:px-12 lg:px-24"
    >
      <div
        class="mx-auto flex h-full max-w-5xl flex-row items-center justify-between dark:text-slate-800"
      >
        <a
          class="font-display text-xl"
          href="/"
        >
          Quiso
        </a>
        <ul
          class="flex hidden flex-row gap-12 text-sm md:flex"
        >
          <li>
            Home
          </li>
          <li>
            About
          </li>
          <li>
            Contact
          </li>
        </ul>
        <a
          href="/test"
        >
          <button
            class="button button--primary button--medium"
          >
            Take the Test
          </button>
        </a>
      </div>
    </nav>
    <div
      class="h-24"
    />
    <main
      class="overflow-hidden pt-12 text-center"
    >
      <section
        class="section-padding mx-auto max-w-3xl text-left text-slate-800"
      >
        <h1
          class="lg:5xl mb-4 font-display text-2xl md:text-3xl"
        >
          Question 
          1
          /
          3
        </h1>
        <div
          class="mb-8 font-display"
        >
          You’re really busy at work and a colleague is telling you their life story and personal woes. You:
        </div>
        <div
          class="flex flex-col gap-2"
        >
          <div
            class="cursor-pointer rounded-md border p-3"
            data-testid="1"
          >
            <span
              class="select-none text-sm"
            >
              Don’t dare to interrupt them
            </span>
          </div>
          <div
            class="cursor-pointer rounded-md border p-3"
            data-testid="2"
          >
            <span
              class="select-none text-sm"
            >
              Think it’s more important to give them some of your time; work can wait
            </span>
          </div>
          <div
            class="cursor-pointer rounded-md border p-3"
            data-testid="3"
          >
            <span
              class="select-none text-sm"
            >
              Listen, but with only with half an ear
            </span>
          </div>
          <div
            class="cursor-pointer rounded-md border p-3"
            data-testid="4"
          >
            <span
              class="select-none text-sm"
            >
              Interrupt and explain that you are really busy at the moment
            </span>
          </div>
        </div>
        <div
          class="mt-8 flex flex-row justify-between"
        >
          <button
            class="button button--medium button--disabled"
            data-testid="previous-button"
            disabled=""
          >
            Previous
          </button>
          <button
            class="button button--medium button--disabled button--outline"
            data-testid="next-button"
            disabled=""
          >
            Next Question
          </button>
        </div>
      </section>
    </main>
  </div>
</div>
`;
